###############################################################################
#                                                                             #
# IAR ELF Linker V6.30.1.53127/W32 for ARM              13/Oct/2014  11:00:27 #
# Copyright 2007-2011 IAR Systems AB.                                         #
#                                                                             #
#    Output file  =  C:\Users\Administrator\Desktop\K60系统板例程\landzoK60单 #
#                    电机检测程序\build\fire_demo\Release\Exe\fire_gpio_demo. #
#                    out                                                      #
#    Map file     =  C:\Users\Administrator\Desktop\K60系统板例程\landzoK60单 #
#                    电机检测程序\build\fire_demo\Release\List\fire_gpio_demo #
#                    .map                                                     #
#    Command line =  C:\Users\Administrator\Desktop\K60系统板例程\landzoK60单 #
#                    电机检测程序\build\fire_demo\Release\Obj\AT24C02.o       #
#                    C:\Users\Administrator\Desktop\K60系统板例程\landzoK60单 #
#                    电机检测程序\build\fire_demo\Release\Obj\FTM.o           #
#                    C:\Users\Administrator\Desktop\K60系统板例程\landzoK60单 #
#                    电机检测程序\build\fire_demo\Release\Obj\PIT.o           #
#                    C:\Users\Administrator\Desktop\K60系统板例程\landzoK60单 #
#                    电机检测程序\build\fire_demo\Release\Obj\adc.o           #
#                    C:\Users\Administrator\Desktop\K60系统板例程\landzoK60单 #
#                    电机检测程序\build\fire_demo\Release\Obj\alloc.o         #
#                    C:\Users\Administrator\Desktop\K60系统板例程\landzoK60单 #
#                    电机检测程序\build\fire_demo\Release\Obj\arm_cm4.o       #
#                    C:\Users\Administrator\Desktop\K60系统板例程\landzoK60单 #
#                    电机检测程序\build\fire_demo\Release\Obj\assert.o        #
#                    C:\Users\Administrator\Desktop\K60系统板例程\landzoK60单 #
#                    电机检测程序\build\fire_demo\Release\Obj\calculation.o   #
#                    C:\Users\Administrator\Desktop\K60系统板例程\landzoK60单 #
#                    电机检测程序\build\fire_demo\Release\Obj\crt0.o          #
#                    C:\Users\Administrator\Desktop\K60系统板例程\landzoK60单 #
#                    电机检测程序\build\fire_demo\Release\Obj\delay.o         #
#                    C:\Users\Administrator\Desktop\K60系统板例程\landzoK60单 #
#                    电机检测程序\build\fire_demo\Release\Obj\dma.o           #
#                    C:\Users\Administrator\Desktop\K60系统板例程\landzoK60单 #
#                    电机检测程序\build\fire_demo\Release\Obj\exti.o          #
#                    C:\Users\Administrator\Desktop\K60系统板例程\landzoK60单 #
#                    电机检测程序\build\fire_demo\Release\Obj\gpio.o          #
#                    C:\Users\Administrator\Desktop\K60系统板例程\landzoK60单 #
#                    电机检测程序\build\fire_demo\Release\Obj\i2c.o           #
#                    C:\Users\Administrator\Desktop\K60系统板例程\landzoK60单 #
#                    电机检测程序\build\fire_demo\Release\Obj\io.o            #
#                    C:\Users\Administrator\Desktop\K60系统板例程\landzoK60单 #
#                    电机检测程序\build\fire_demo\Release\Obj\isr.o           #
#                    C:\Users\Administrator\Desktop\K60系统板例程\landzoK60单 #
#                    电机检测程序\build\fire_demo\Release\Obj\lptmr.o         #
#                    C:\Users\Administrator\Desktop\K60系统板例程\landzoK60单 #
#                    电机检测程序\build\fire_demo\Release\Obj\main.o          #
#                    C:\Users\Administrator\Desktop\K60系统板例程\landzoK60单 #
#                    电机检测程序\build\fire_demo\Release\Obj\mcg.o           #
#                    C:\Users\Administrator\Desktop\K60系统板例程\landzoK60单 #
#                    电机检测程序\build\fire_demo\Release\Obj\memtest.o       #
#                    C:\Users\Administrator\Desktop\K60系统板例程\landzoK60单 #
#                    电机检测程序\build\fire_demo\Release\Obj\nokia.o         #
#                    C:\Users\Administrator\Desktop\K60系统板例程\landzoK60单 #
#                    电机检测程序\build\fire_demo\Release\Obj\printf.o        #
#                    C:\Users\Administrator\Desktop\K60系统板例程\landzoK60单 #
#                    电机检测程序\build\fire_demo\Release\Obj\queue.o         #
#                    C:\Users\Administrator\Desktop\K60系统板例程\landzoK60单 #
#                    电机检测程序\build\fire_demo\Release\Obj\start.o         #
#                    C:\Users\Administrator\Desktop\K60系统板例程\landzoK60单 #
#                    电机检测程序\build\fire_demo\Release\Obj\startup.o       #
#                    C:\Users\Administrator\Desktop\K60系统板例程\landzoK60单 #
#                    电机检测程序\build\fire_demo\Release\Obj\stdlib.o        #
#                    C:\Users\Administrator\Desktop\K60系统板例程\landzoK60单 #
#                    电机检测程序\build\fire_demo\Release\Obj\sysinit.o       #
#                    C:\Users\Administrator\Desktop\K60系统板例程\landzoK60单 #
#                    电机检测程序\build\fire_demo\Release\Obj\uart.o          #
#                    C:\Users\Administrator\Desktop\K60系统板例程\landzoK60单 #
#                    电机检测程序\build\fire_demo\Release\Obj\uif.o           #
#                    C:\Users\Administrator\Desktop\K60系统板例程\landzoK60单 #
#                    电机检测程序\build\fire_demo\Release\Obj\vectors.o       #
#                    C:\Users\Administrator\Desktop\K60系统板例程\landzoK60单 #
#                    电机检测程序\build\fire_demo\Release\Obj\wdog.o -o       #
#                    C:\Users\Administrator\Desktop\K60系统板例程\landzoK60单 #
#                    电机检测程序\build\fire_demo\Release\Exe\fire_gpio_demo. #
#                    out --map C:\Users\Administrator\Desktop\K60系统板例程\l #
#                    andzoK60单电机检测程序\build\fire_demo\Release\List\fire #
#                    _gpio_demo.map --config "C:\Users\Administrator\Desktop\ #
#                    K60系统板例程\landzoK60单电机检测程序\build\fire_demo\.. #
#                    \config files\fire_ROM_K60N512.icf" --semihosting        #
#                    --entry __iar_program_start --inline --vfe               #
#                                                                             #
#                                                                             #
###############################################################################

*******************************************************************************
*** RUNTIME MODEL ATTRIBUTES
***

CppFlavor       = *
__SystemLibrary = DLib


*******************************************************************************
*** PLACEMENT SUMMARY
***

"A1":  place at 0x00000000 { ro section .intvec };
"A2":  place at 0x00000410 { ro section .noinit };
"P1":  place in [from 0x00000000 to 0x00040000] { ro, block CodeRelocate };
"P2":  place in [from 0x1fff0410 to 0x20010000] {
          rw, block CodeRelocateRam, block CSTACK, block HEAP };

  Section              Kind        Address    Size  Object
  -------              ----        -------    ----  ------
"A1":                                        0x410
  .intvec              const    0x00000000   0x410  vectors.o [1]
                              - 0x00000410   0x410

"A2":                                         0x3c
  .noinit              ro code  0x00000410    0x3c  crt0.o [1]
                              - 0x0000044c    0x3c

"P1":                                       0x1220
  .text                ro code  0x0000044c   0x410  printf.o [1]
  .text                ro code  0x0000085c    0x16  stdlib.o [1]
  .text                ro code  0x00000872    0x22  zero_init3.o [4]
  .text                ro code  0x00000894   0x2d4  isr.o [1]
  .text                ro code  0x00000b68   0x16c  uart.o [1]
  .text                ro code  0x00000cd4   0x13c  arm_cm4.o [1]
  .text                ro code  0x00000e10   0x1d0  FTM.o [1]
  Veneer               ro code  0x00000fe0     0x8  - Linker created -
  .text                ro code  0x00000fe8   0x1c4  mcg.o [1]
  .text                ro code  0x000011ac   0x160  main.o [1]
  .text                ro code  0x0000130c    0x5c  gpio.o [1]
  .text                ro code  0x00001368    0x44  PIT.o [1]
  .text                ro code  0x000013ac    0x84  startup.o [1]
  .text                ro code  0x00001430    0x56  ABImemcpy.o [4]
  .data_init                    0x00001488    0x54  <Block>
    Initializer bytes  ro data  0x00001488    0x54  <for .data-1>
  .text                ro code  0x000014dc    0x44  sysinit.o [1]
  .text                ro code  0x00001520    0x40  vectors.o [1]
  CodeRelocate                  0x00001560    0x3c  <Block>
    Initializer bytes  ro data  0x00001560    0x3c  <for CodeRelocateRam-1>
  .text                ro code  0x0000159c    0x30  wdog.o [1]
  .text                ro code  0x000015cc    0x2c  data_init3.o [4]
  .iar.init_table      const    0x000015f8    0x10  - Linker created -
  .text                ro code  0x00001608    0x16  cmain.o [4]
  .text                ro code  0x0000161e     0x4  exit.o [3]
  .text                ro code  0x00001624     0xa  cexit.o [4]
  .text                ro code  0x00001630    0x14  exit.o [5]
  .text                ro code  0x00001644    0x14  start.o [1]
  .text                ro code  0x00001658     0xc  cstartup_M.o [4]
  .text                ro code  0x00001664     0x8  io.o [1]
  .rodata              const    0x0000166c     0x0  bwt_init3c.o [4]
                              - 0x0000166c  0x1220

"P2", part 1 of 2:                            0x90
  .data                         0x1fff0410    0x54  <Block>
    .data-1                     0x1fff0410    0x54  <Init block>
      .data            inited   0x1fff0410     0xc  FTM.o [1]
      .data            inited   0x1fff041c    0x28  gpio.o [1]
      .data            inited   0x1fff0444     0x8  mcg.o [1]
      .data            inited   0x1fff044c    0x18  uart.o [1]
  CodeRelocateRam               0x1fff0464    0x3c  <Block>
    CodeRelocateRam-1           0x1fff0464    0x3c  <Init block>
      .textrw          inited   0x1fff0464    0x3c  mcg.o [1]
                              - 0x1fff04a0    0x90

"P2", part 2 of 2:                            0x29
  .bss                          0x1fff04a0    0x29  <Block>
    .bss               zero     0x1fff04a0     0xc  sysinit.o [1]
    .bss               zero     0x1fff04ac    0x10  isr.o [1]
    .bss               zero     0x1fff04bc     0x4  main.o [1]
    .bss               zero     0x1fff04c0     0x6  isr.o [1]
    .bss               zero     0x1fff04c6     0x1  isr.o [1]
    .bss               zero     0x1fff04c7     0x1  isr.o [1]
    .bss               zero     0x1fff04c8     0x1  isr.o [1]
                              - 0x1fff04c9    0x29


*******************************************************************************
*** INIT TABLE
***

          Address     Size
          -------     ----
Zero (__iar_zero_init3)
    1 destination range, total size 0x29:
          0x1fff04a0  0x29



*******************************************************************************
*** MODULE SUMMARY
***

    Module          ro code  rw code  ro data  rw data
    ------          -------  -------  -------  -------
C:\Users\Administrator\Desktop\K60系统板例程\landzoK60单电机检测程序\build\fire_demo\Release\Obj: [1]
    FTM.o               464                12       12
    PIT.o                68
    arm_cm4.o           316
    crt0.o               60
    gpio.o               92                40       40
    io.o                  8
    isr.o               724                         25
    main.o              352                          4
    mcg.o               452       60       68        8
    printf.o          1 040
    start.o              20
    startup.o           132
    stdlib.o             22
    sysinit.o            68                         12
    uart.o              364                24       24
    vectors.o            64             1 040
    wdog.o               48
    --------------------------------------------------
    Total:            4 294       60    1 184      125

command line: [2]
    --------------------------------------------------
    Total:

dl7M_tln.a: [3]
    exit.o                4
    --------------------------------------------------
    Total:                4

rt7M_tl.a: [4]
    ABImemcpy.o          86
    bwt_init3c.o
    cexit.o              10
    cmain.o              22
    cstartup_M.o         12
    data_init3.o         44
    zero_init3.o         34
    --------------------------------------------------
    Total:              208

shb_l.a: [5]
    exit.o               20
    --------------------------------------------------
    Total:               20

    Gaps                  4                          2
    Linker created        8                16
------------------------------------------------------
    Grand Total:      4 538       60    1 200      127


*******************************************************************************
*** ENTRY LIST
***

Entry                      Address   Size  Type      Object
-----                      -------   ----  ----      ------
.bss$$Base              0x1fff04a0          --   Gb  - Linker created -
.bss$$Limit             0x1fff04c9          --   Gb  - Linker created -
.data$$Base             0x1fff0410          --   Gb  - Linker created -
.data$$Limit            0x1fff0464          --   Gb  - Linker created -
.data_init$$Base        0x00001488          --   Gb  - Linker created -
.data_init$$Limit       0x000014dc          --   Gb  - Linker created -
?main                   0x00001609         Code  Gb  cmain.o [4]
CodeRelocate$$Base      0x00001560          --   Gb  - Linker created -
CodeRelocate$$Limit     0x0000159c          --   Gb  - Linker created -
CodeRelocateRam$$Base   0x1fff0464          --   Gb  - Linker created -
CodeRelocateRam$$Limit  0x1fff04a0          --   Gb  - Linker created -
DMA_CH0_Handler         0x00000aa9   0x1e  Code  Gb  isr.o [1]
DMA_CH4_Handler         0x00000a87   0x22  Code  Gb  isr.o [1]
DMA_Over_Flg            0x1fff04c7    0x1  Data  Gb  isr.o [1]
FTM0_IRQHandler         0x00000a59    0x2  Code  Gb  isr.o [1]
FTM1_IRQHandler         0x00000a5b   0x2c  Code  Gb  isr.o [1]
FTM_PWM_Duty            0x00000faf   0x1a  Code  Gb  FTM.o [1]
FTM_PWM_init            0x00000e11  0x19e  Code  Gb  FTM.o [1]
FTMx                    0x1fff0410    0xc  Data  Gb  FTM.o [1]
GPIOx                   0x1fff041c   0x14  Data  Gb  gpio.o [1]
HardFault_Handler       0x0000091d    0xe  Code  Gb  isr.o [1]
LPT_Handler             0x00000ac7   0x14  Code  Gb  isr.o [1]
LPT_INT_count           0x1fff04c8    0x1  Data  Gb  isr.o [1]
PIT0_IRQHandler         0x000008c9   0x50  Code  Gb  isr.o [1]
PIT1_IRQHandler         0x000008b7   0x12  Code  Gb  isr.o [1]
PIT2_IRQHandler         0x000009fb   0x5e  Code  Gb  isr.o [1]
PORTB_IRQHandler        0x000009db   0x20  Code  Gb  isr.o [1]
PORTD_IRQHandler        0x0000092b   0xb0  Code  Gb  isr.o [1]
PORTX                   0x1fff0430   0x14  Data  Gb  gpio.o [1]
PendSV_Handler          0x0000091b    0x2  Code  Gb  isr.o [1]
Region$$Table$$Base     0x000015f8          --   Gb  - Linker created -
Region$$Table$$Limit    0x00001608          --   Gb  - Linker created -
Reset_Handler           0x00000411         Code  Gb  crt0.o [1]
SysTick_Handler         0x00000919    0x2  Code  Gb  isr.o [1]
TIME0flag_10ms          0x1fff04c1    0x1  Data  Gb  isr.o [1]
TIME0flag_15ms          0x1fff04c2    0x1  Data  Gb  isr.o [1]
TIME0flag_20ms          0x1fff04c3    0x1  Data  Gb  isr.o [1]
TIME0flag_5ms           0x1fff04c0    0x1  Data  Gb  isr.o [1]
TIME0flag_80ms          0x1fff04c4    0x1  Data  Gb  isr.o [1]
TIME1flag_1s            0x1fff04c6    0x1  Data  Gb  isr.o [1]
TimeCount               0x1fff04c5    0x1  Data  Gb  isr.o [1]
UARTx                   0x1fff044c   0x18  Data  Gb  uart.o [1]
USART1_IRQHandler       0x00000895   0x22  Code  Gb  isr.o [1]
__BOOT_STACK_ADDRESS {Abs}
                        0x2000fff8          --   Gb  command line/config [2]
__VECTOR_RAM {Abs}      0x1fff0000          --   Gb  command line/config [2]
__VECTOR_TABLE {Abs}    0x00000000          --   Gb  command line/config [2]
__aeabi_memcpy4         0x00001431         Code  Gb  ABImemcpy.o [4]
__aeabi_memcpy8         0x00001431         Code  Gb  ABImemcpy.o [4]
__cmain                 0x00001609         Code  Gb  cmain.o [4]
__code_start__ {Abs}    0x00000410          --   Gb  command line/config [2]
__exit                  0x00001631   0x14  Code  Gb  exit.o [5]
__iar_SB                0x0000166c         Data  Gb  bwt_init3c.o [4]
__iar_data_init3        0x000015cd   0x2c  Code  Gb  data_init3.o [4]
__iar_program_start     0x00001659         Code  Gb  cstartup_M.o [4]
__iar_zero_init3        0x00000873   0x22  Code  Gb  zero_init3.o [4]
__vector_table          0x00000000  0x410  Data  Gb  vectors.o [1]
_call_main              0x00001615         Code  Gb  cmain.o [4]
_exit                   0x00001625         Code  Gb  cexit.o [4]
_main                   0x0000161b         Code  Gb  cmain.o [4]
bus_clk_khz             0x1fff04a8    0x4  Data  Gb  sysinit.o [1]
common_startup          0x000013ad   0x84  Code  Gb  startup.o [1]
core_clk_khz            0x1fff04a0    0x4  Data  Gb  sysinit.o [1]
core_clk_mhz            0x1fff04a4    0x4  Data  Gb  sysinit.o [1]
count                   0x1fff04be    0x2  Data  Gb  main.o [1]
default_isr             0x00001521    0xc  Code  Gb  vectors.o [1]
disable_irq             0x00000d39   0x52  Code  Gb  arm_cm4.o [1]
enable_irq              0x00000cdb   0x5e  Code  Gb  arm_cm4.o [1]
exit                    0x0000161f    0x4  Code  Gb  exit.o [3]
gpio_init               0x0000130d   0x56  Code  Gb  gpio.o [1]
i                       0x1fff04bc    0x1  Data  Gb  main.o [1]
key10cout               0x1fff04b8    0x2  Data  Gb  isr.o [1]
key10flg                0x1fff04b1    0x1  Data  Gb  isr.o [1]
key10start              0x1fff04b0    0x1  Data  Gb  isr.o [1]
key11cout               0x1fff04ba    0x2  Data  Gb  isr.o [1]
key11flg                0x1fff04b3    0x1  Data  Gb  isr.o [1]
key11start              0x1fff04b2    0x1  Data  Gb  isr.o [1]
key8cout                0x1fff04b4    0x2  Data  Gb  isr.o [1]
key8flg                 0x1fff04ad    0x1  Data  Gb  isr.o [1]
key8start               0x1fff04ac    0x1  Data  Gb  isr.o [1]
key9cout                0x1fff04b6    0x2  Data  Gb  isr.o [1]
key9flg                 0x1fff04af    0x1  Data  Gb  isr.o [1]
key9start               0x1fff04ae    0x1  Data  Gb  isr.o [1]
main                    0x000011ad  0x160  Code  Gb  main.o [1]
mcg_div                 0x1fff0444    0x8  Data  Gb  mcg.o [1]
out_char                0x00001665    0x8  Code  Gb  io.o [1]
pit_init                0x00001369   0x14  Code  Gb  PIT.o [1]
pll_init                0x00000fe9  0x1c4  Code  Gb  mcg.o [1]
printf                  0x00000839   0x1e  Code  Gb  printf.o [1]
printk                  0x000004db  0x35e  Code  Gb  printf.o [1]
printk_mknumstr         0x00000477   0x64  Code  Lc  printf.o [1]
printk_putc             0x0000044d   0x2a  Code  Lc  printf.o [1]
set_sys_dividers        0x1fff0465   0x3c  Code  Gb  mcg.o [1]
start                   0x00001645   0x14  Code  Gb  start.o [1]
strlen                  0x0000085d   0x16  Code  Gb  stdlib.o [1]
sysinit                 0x000014dd   0x3c  Code  Gb  sysinit.o [1]
uart_getchar            0x00000c61   0x10  Code  Gb  uart.o [1]
uart_getcharflg         0x00000c71   0x16  Code  Gb  uart.o [1]
uart_init               0x00000b69   0xf8  Code  Gb  uart.o [1]
uart_putchar            0x00000c87   0x14  Code  Gb  uart.o [1]
uart_sendStr            0x00000c9b   0x1a  Code  Gb  uart.o [1]
wdog_disable            0x0000159d   0x14  Code  Gb  wdog.o [1]
wdog_unlock             0x000015b1   0x14  Code  Gb  wdog.o [1]
write_vtor              0x00000cd5    0x6  Code  Gb  arm_cm4.o [1]


[1] = C:\Users\Administrator\Desktop\K60系统板例程\landzoK60单电机检测程序\build\fire_demo\Release\Obj
[2] = command line
[3] = dl7M_tln.a
[4] = rt7M_tl.a
[5] = shb_l.a

  4 538 bytes of readonly  code memory
     60 bytes of readwrite code memory
  1 200 bytes of readonly  data memory
    127 bytes of readwrite data memory

Errors: none
Warnings: none
